
  .   ____          _            __ _ _
 /\\ / ___'_ __ _ _(_)_ __  __ _ \ \ \ \
( ( )\___ | '_ | '_| | '_ \/ _` | \ \ \ \
 \\/  ___)| |_)| | | | | || (_| |  ) ) ) )
  '  |____| .__|_| |_|_| |_\__, | / / / /
 =========|_|==============|___/=/_/_/_/
 :: Spring Boot ::                (v3.2.5)

2026-08-30T11:01:55.084+05:30  INFO 548 --- [backend] [           main] c.m.backend.BackendApplication           : Starting BackendApplication v0.0.1-SNAPSHOT using Java 26.0.2 with PID 548 (D:\MilestoneMetrics\code\backend\target\backend-0.0.1-SNAPSHOT.jar started by DELL in D:\MilestoneMetrics\code\backend)
2026-08-30T11:01:55.088+05:30  INFO 548 --- [backend] [           main] c.m.backend.BackendApplication           : No active profile set, falling back to 1 default profile: "default"
2026-08-30T11:01:56.034+05:30  INFO 548 --- [backend] [           main] .s.d.r.c.RepositoryConfigurationDelegate : Bootstrapping Spring Data JPA repositories in DEFAULT mode.
2026-08-30T11:01:56.094+05:30  INFO 548 --- [backend] [           main] .s.d.r.c.RepositoryConfigurationDelegate : Finished Spring Data repository scanning in 50 ms. Found 1 JPA repository interface.
2026-08-30T11:01:56.819+05:30  INFO 548 --- [backend] [           main] o.s.b.w.embedded.tomcat.TomcatWebServer  : Tomcat initialized with port 8080 (http)
2026-08-30T11:01:56.837+05:30  INFO 548 --- [backend] [           main] o.apache.catalina.core.StandardService   : Starting service [Tomcat]
2026-08-30T11:01:56.838+05:30  INFO 548 --- [backend] [           main] o.apache.catalina.core.StandardEngine    : Starting Servlet engine: [Apache Tomcat/10.1.20]
2026-08-30T11:01:56.893+05:30  INFO 548 --- [backend] [           main] o.a.c.c.C.[Tomcat].[localhost].[/]       : Initializing Spring embedded WebApplicationContext
2026-08-30T11:01:56.900+05:30  INFO 548 --- [backend] [           main] w.s.c.ServletWebServerApplicationContext : Root WebApplicationContext: initialization completed in 1688 ms
2026-08-30T11:01:57.379+05:30  INFO 548 --- [backend] [           main] o.hibernate.jpa.internal.util.LogHelper  : HHH000204: Processing PersistenceUnitInfo [name: default]
2026-08-30T11:01:57.483+05:30  INFO 548 --- [backend] [           main] org.hibernate.Version                    : HHH000412: Hibernate ORM core version 6.4.4.Final
2026-08-30T11:01:57.545+05:30  INFO 548 --- [backend] [           main] o.h.c.internal.RegionFactoryInitiator    : HHH000026: Second-level cache disabled
2026-08-30T11:01:58.052+05:30  INFO 548 --- [backend] [           main] o.s.o.j.p.SpringPersistenceUnitInfo      : No LoadTimeWeaver setup: ignoring JPA class transformer
2026-08-30T11:01:58.124+05:30  INFO 548 --- [backend] [           main] com.zaxxer.hikari.HikariDataSource       : HikariPool-1 - Starting...
2026-08-30T11:01:59.308+05:30  INFO 548 --- [backend] [           main] com.zaxxer.hikari.pool.HikariPool        : HikariPool-1 - Added connection org.postgresql.jdbc.PgConnection@1d283d1
2026-08-30T11:01:59.314+05:30  INFO 548 --- [backend] [           main] com.zaxxer.hikari.HikariDataSource       : HikariPool-1 - Start completed.
2026-08-30T11:01:59.416+05:30  WARN 548 --- [backend] [           main] org.hibernate.orm.deprecation            : HHH90000025: PostgreSQLDialect does not need to be specified explicitly using 'hibernate.dialect' (remove the property setting and it will be selected by default)
2026-08-30T11:02:01.023+05:30  INFO 548 --- [backend] [           main] o.h.e.t.j.p.i.JtaPlatformInitiator       : HHH000489: No JTA platform available (set 'hibernate.transaction.jta.platform' to enable JTA platform integration)
2026-08-30T11:02:01.269+05:30  INFO 548 --- [backend] [           main] j.LocalContainerEntityManagerFactoryBean : Initialized JPA EntityManagerFactory for persistence unit 'default'
2026-08-30T11:02:01.839+05:30  WARN 548 --- [backend] [           main] JpaBaseConfiguration$JpaWebConfiguration : spring.jpa.open-in-view is enabled by default. Therefore, database queries may be performed during view rendering. Explicitly configure spring.jpa.open-in-view to disable this warning
2026-08-30T11:02:01.876+05:30  WARN 548 --- [backend] [           main] .s.s.UserDetailsServiceAutoConfiguration : 

Using generated security password: e53fec91-9637-4c67-a232-da598c5e92c2

This generated password is for development use only. Your security configuration must be updated before running your application in production.

2026-08-30T11:02:02.463+05:30  INFO 548 --- [backend] [           main] o.s.s.web.DefaultSecurityFilterChain     : Will secure any request with [org.springframework.security.web.session.DisableEncodeUrlFilter@5192b301, org.springframework.security.web.context.request.async.WebAsyncManagerIntegrationFilter@1a99692, org.springframework.security.web.context.SecurityContextHolderFilter@13e5b262, org.springframework.security.web.header.HeaderWriterFilter@5a95aaae, org.springframework.web.filter.CorsFilter@2a0881f1, org.springframework.security.web.authentication.logout.LogoutFilter@4d071e4b, com.milestonemetrics.backend.security.JwtAuthFilter@6232ffdb, org.springframework.security.web.savedrequest.RequestCacheAwareFilter@220e1b7b, org.springframework.security.web.servletapi.SecurityContextHolderAwareRequestFilter@54fd5759, org.springframework.security.web.authentication.AnonymousAuthenticationFilter@7a85454b, org.springframework.security.web.session.SessionManagementFilter@3889c343, org.springframework.security.web.access.ExceptionTranslationFilter@6632eb19, org.springframework.security.web.access.intercept.AuthorizationFilter@13087c75]
2026-08-30T11:02:03.084+05:30  INFO 548 --- [backend] [           main] o.s.b.w.embedded.tomcat.TomcatWebServer  : Tomcat started on port 8080 (http) with context path ''
2026-08-30T11:02:03.114+05:30  INFO 548 --- [backend] [           main] c.m.backend.BackendApplication           : Started BackendApplication in 8.559 seconds (process running for 9.096)
2026-08-30T11:02:25.296+05:30  INFO 548 --- [backend] [nio-8080-exec-1] o.a.c.c.C.[Tomcat].[localhost].[/]       : Initializing Spring DispatcherServlet 'dispatcherServlet'
2026-08-30T11:02:25.298+05:30  INFO 548 --- [backend] [nio-8080-exec-1] o.s.web.servlet.DispatcherServlet        : Initializing Servlet 'dispatcherServlet'
2026-08-30T11:02:25.301+05:30  INFO 548 --- [backend] [nio-8080-exec-1] o.s.web.servlet.DispatcherServlet        : Completed initialization in 3 ms
